Code Section mapping
Address     Vaddress    Size        File                           ID  Attr
00000000    --------    00000000    C:\usr\PIECE\lib\pceapi.lib:stacklen.o  1   ABS
00100000    --------    0000009c    C:\usr\PIECE\lib\cstart.o      0   REL
0010009c    --------    00000b14    .\graphics\title.o             0   REL
00100bb0    --------    00000b14    .\graphics\mons1.o             0   REL
001016c4    --------    00000b14    .\graphics\battle.o            0   REL
001021d8    --------    00000120    main.o                         0   REL
001022f8    --------    00000364    chara_data.o                   0   REL
0010265c    --------    00000030    dice.o                         0   REL
0010268c    --------    0000027c    monster.o                      0   REL
00102908    --------    00000000    item.o                         0   REL
00102908    --------    00001580    battle_manager.o               0   REL
00103e88    --------    00000188    party.o                        0   REL
00104010    --------    00000130    tak.lib:util.o                 0   REL
00104140    --------    00000164    tak.lib:font.o                 0   REL
001042a4    --------    000000f0    tak.lib:graphic.o              0   REL
00104394    --------    00000000    tak.lib:misaki_gothic_tp_slim.o  0   REL
00104394    --------    000000c0    tak.lib:malloc_mgr.o           0   REL
00104454    --------    00000008    C:\usr\PIECE\lib\pceapi.lib:pceFontPrintf.o  0   REL
0010445c    --------    00000008    C:\usr\PIECE\lib\pceapi.lib:pceHeapGetMaxFreeSize.o  0   REL
00104464    --------    00000008    C:\usr\PIECE\lib\pceapi.lib:pceFontSetPos.o  0   REL
0010446c    --------    00000008    C:\usr\PIECE\lib\pceapi.lib:pceHeapFree.o  0   REL
00104474    --------    00000008    C:\usr\PIECE\lib\pceapi.lib:pceHeapAlloc.o  0   REL
0010447c    --------    00000008    C:\usr\PIECE\lib\pceapi.lib:pceLCDLine.o  0   REL
00104484    --------    00000008    C:\usr\PIECE\lib\pceapi.lib:pceLCDPaint.o  0   REL
0010448c    --------    00000008    C:\usr\PIECE\lib\pceapi.lib:pceLCDDrawObject.o  0   REL
00104494    --------    00000044    C:\usr\PIECE\lib\pceapi.lib:memcpy.o  0   REL
001044d8    --------    00000008    C:\usr\PIECE\lib\pceapi.lib:pceLCDSetObject.o  0   REL
001044e0    --------    00000008    C:\usr\PIECE\lib\pceapi.lib:pceTimeGet.o  0   REL
001044e8    --------    00000008    C:\usr\PIECE\lib\pceapi.lib:pceFontSetType.o  0   REL
001044f0    --------    00000008    C:\usr\PIECE\lib\pceapi.lib:pcesprintf.o  0   REL
001044f8    --------    00000008    C:\usr\PIECE\lib\pceapi.lib:pcePadGet.o  0   REL
00104500    --------    00000008    C:\usr\PIECE\lib\pceapi.lib:pceLCDTrans.o  0   REL
00104508    --------    00000008    C:\usr\PIECE\lib\pceapi.lib:pcePowerSetReport.o  0   REL
00104510    --------    00000008    C:\usr\PIECE\lib\pceapi.lib:pceLCDDispStart.o  0   REL
00104518    --------    00000050    C:\usr\PIECE\lib\pceapi.lib:memset.o  0   REL
00104568    --------    00000008    C:\usr\PIECE\lib\pceapi.lib:pceAppSetProcPeriod.o  0   REL
00104570    --------    00000008    C:\usr\PIECE\lib\pceapi.lib:pceLCDSetBuffer.o  0   REL
00104578    --------    00000008    C:\usr\PIECE\lib\pceapi.lib:pceLCDDispStop.o  0   REL
00104580    --------    0000001c    C:\usr\PIECE\lib\pceapi.lib:defnotify.o  0   REL
0010459c    --------    00000000    C:\usr\PIECE\lib\pceapi.lib:def_vbuff.o  0   REL
0010459c    --------    000000ec    C:\usr\PIECE\lib\pceapi.lib:version_check.o  0   REL
00104688    --------    00000008    C:\usr\PIECE\lib\pceapi.lib:pceAppReqExit.o  0   REL
00104690    --------    00000008    C:\usr\PIECE\lib\pceapi.lib:pceSystemGetInfo.o  0   REL
00104698    --------    00000030    C:\usr\PIECE\lib\lib.lib:rand.o  0   REL
001046c8    --------    00000000    C:\usr\PIECE\lib\lib.lib:seed.o  0   REL
001046c8    --------    0000000c    C:\usr\PIECE\lib\lib.lib:srand.o  0   REL
001046d4    --------    00000014    C:\usr\PIECE\lib\string.lib:strcat.o  0   REL
001046e8    --------    0000007c    C:\usr\PIECE\lib\fp.lib:fixdfui.o  0   REL
00104764    --------    000001fc    C:\usr\PIECE\lib\fp.lib:divdf3.o  0   REL
00104960    --------    00000024    C:\usr\PIECE\lib\fp.lib:scan64.o  0   REL
00104984    --------    000001e0    C:\usr\PIECE\lib\fp.lib:muldf3.o  0   REL
00104b64    --------    000001e4    C:\usr\PIECE\lib\fp.lib:adddf3.o  0   REL
00104d48    --------    0000005c    C:\usr\PIECE\lib\fp.lib:flosidf.o  0   REL
00104da4    --------    00000044    C:\usr\PIECE\lib\idiv.lib:divsi3.o  0   REL
00104de8    --------    00000044    C:\usr\PIECE\lib\idiv.lib:modsi3.o  0   REL

Data Section mapping
Address     Vaddress    Size        File                           ID  Attr
00104e2c    --------    00000000    C:\usr\PIECE\lib\cstart.o      1   REL
00104e2c    --------    00000000    .\graphics\title.o             1   REL
00104e2c    --------    00000000    .\graphics\mons1.o             1   REL
00104e2c    --------    00000000    .\graphics\battle.o            1   REL
00104e2c    --------    00000000    main.o                         1   REL
00104e2c    --------    0000084c    chara_data.o                   1   REL
00105678    --------    00000000    dice.o                         1   REL
00105678    --------    000033a0    monster.o                      1   REL
00108a18    --------    0000277c    item.o                         1   REL
0010b194    --------    00000a50    battle_manager.o               1   REL
0010bbe4    --------    00000000    party.o                        1   REL
0010bbe4    --------    00000000    tak.lib:util.o                 1   REL
0010bbe4    --------    00000000    tak.lib:font.o                 1   REL
0010bbe4    --------    00000000    tak.lib:graphic.o              1   REL
0010bbe4    --------    00002c24    tak.lib:misaki_gothic_tp_slim.o  1   REL
0010e808    --------    00000fa4    tak.lib:malloc_mgr.o           1   REL
0010f7ac    --------    00000000    C:\usr\PIECE\lib\pceapi.lib:pceFontPrintf.o  1   REL
0010f7ac    --------    00000000    C:\usr\PIECE\lib\pceapi.lib:pceHeapGetMaxFreeSize.o  1   REL
0010f7ac    --------    00000000    C:\usr\PIECE\lib\pceapi.lib:pceFontSetPos.o  1   REL
0010f7ac    --------    00000000    C:\usr\PIECE\lib\pceapi.lib:pceHeapFree.o  1   REL
0010f7ac    --------    00000000    C:\usr\PIECE\lib\pceapi.lib:pceHeapAlloc.o  1   REL
0010f7ac    --------    00000000    C:\usr\PIECE\lib\pceapi.lib:pceLCDLine.o  1   REL
0010f7ac    --------    00000000    C:\usr\PIECE\lib\pceapi.lib:pceLCDPaint.o  1   REL
0010f7ac    --------    00000000    C:\usr\PIECE\lib\pceapi.lib:pceLCDDrawObject.o  1   REL
0010f7ac    --------    00000000    C:\usr\PIECE\lib\pceapi.lib:memcpy.o  1   REL
0010f7ac    --------    00000000    C:\usr\PIECE\lib\pceapi.lib:pceLCDSetObject.o  1   REL
0010f7ac    --------    00000000    C:\usr\PIECE\lib\pceapi.lib:pceTimeGet.o  1   REL
0010f7ac    --------    00000000    C:\usr\PIECE\lib\pceapi.lib:pceFontSetType.o  1   REL
0010f7ac    --------    00000000    C:\usr\PIECE\lib\pceapi.lib:pcesprintf.o  1   REL
0010f7ac    --------    00000000    C:\usr\PIECE\lib\pceapi.lib:pcePadGet.o  1   REL
0010f7ac    --------    00000000    C:\usr\PIECE\lib\pceapi.lib:pceLCDTrans.o  1   REL
0010f7ac    --------    00000000    C:\usr\PIECE\lib\pceapi.lib:pcePowerSetReport.o  1   REL
0010f7ac    --------    00000000    C:\usr\PIECE\lib\pceapi.lib:pceLCDDispStart.o  1   REL
0010f7ac    --------    00000000    C:\usr\PIECE\lib\pceapi.lib:memset.o  1   REL
0010f7ac    --------    00000000    C:\usr\PIECE\lib\pceapi.lib:pceAppSetProcPeriod.o  1   REL
0010f7ac    --------    00000000    C:\usr\PIECE\lib\pceapi.lib:pceLCDSetBuffer.o  1   REL
0010f7ac    --------    00000000    C:\usr\PIECE\lib\pceapi.lib:pceLCDDispStop.o  1   REL
0010f7ac    --------    00000000    C:\usr\PIECE\lib\pceapi.lib:defnotify.o  1   REL
0010f7ac    --------    00000000    C:\usr\PIECE\lib\pceapi.lib:def_vbuff.o  1   REL
0010f7ac    --------    00000000    C:\usr\PIECE\lib\pceapi.lib:version_check.o  1   REL
0010f7ac    --------    00000000    C:\usr\PIECE\lib\pceapi.lib:pceAppReqExit.o  1   REL
0010f7ac    --------    00000000    C:\usr\PIECE\lib\pceapi.lib:pceSystemGetInfo.o  1   REL
0010f7ac    --------    00000000    C:\usr\PIECE\lib\lib.lib:rand.o  1   REL
0010f7ac    --------    00000000    C:\usr\PIECE\lib\lib.lib:seed.o  1   REL
0010f7ac    --------    00000000    C:\usr\PIECE\lib\lib.lib:srand.o  1   REL
0010f7ac    --------    00000000    C:\usr\PIECE\lib\string.lib:strcat.o  1   REL
0010f7ac    --------    00000000    C:\usr\PIECE\lib\fp.lib:fixdfui.o  1   REL
0010f7ac    --------    00000000    C:\usr\PIECE\lib\fp.lib:divdf3.o  1   REL
0010f7ac    --------    00000000    C:\usr\PIECE\lib\fp.lib:scan64.o  1   REL
0010f7ac    --------    00000000    C:\usr\PIECE\lib\fp.lib:muldf3.o  1   REL
0010f7ac    --------    00000000    C:\usr\PIECE\lib\fp.lib:adddf3.o  1   REL
0010f7ac    --------    00000000    C:\usr\PIECE\lib\fp.lib:flosidf.o  1   REL
0010f7ac    --------    00000000    C:\usr\PIECE\lib\idiv.lib:divsi3.o  1   REL
0010f7ac    --------    00000000    C:\usr\PIECE\lib\idiv.lib:modsi3.o  1   REL

Bss Section mapping
Address     Vaddress    Size        File                           ID  Attr
0010f7ac    --------    00000000    C:\usr\PIECE\lib\cstart.o      2   REL
0010f7ac    --------    00000000    .\graphics\title.o             2   REL
0010f7ac    --------    00000000    .\graphics\mons1.o             2   REL
0010f7ac    --------    00000000    .\graphics\battle.o            2   REL
0010f7ac    --------    00002c44    main.o                         2   REL
001123f0    --------    00000000    chara_data.o                   2   REL
001123f0    --------    00000000    dice.o                         2   REL
001123f0    --------    00000000    monster.o                      2   REL
001123f0    --------    00000000    item.o                         2   REL
001123f0    --------    000003bc    battle_manager.o               2   REL
001127ac    --------    00000024    party.o                        2   REL
001127d0    --------    00000000    tak.lib:util.o                 2   REL
001127d0    --------    0000001c    tak.lib:font.o                 2   REL
001127ec    --------    0000001c    tak.lib:graphic.o              2   REL
00112808    --------    00000000    tak.lib:misaki_gothic_tp_slim.o  2   REL
00112808    --------    00000000    tak.lib:malloc_mgr.o           2   REL
00112808    --------    00000000    C:\usr\PIECE\lib\pceapi.lib:pceFontPrintf.o  2   REL
00112808    --------    00000000    C:\usr\PIECE\lib\pceapi.lib:pceHeapGetMaxFreeSize.o  2   REL
00112808    --------    00000000    C:\usr\PIECE\lib\pceapi.lib:pceFontSetPos.o  2   REL
00112808    --------    00000000    C:\usr\PIECE\lib\pceapi.lib:pceHeapFree.o  2   REL
00112808    --------    00000000    C:\usr\PIECE\lib\pceapi.lib:pceHeapAlloc.o  2   REL
00112808    --------    00000000    C:\usr\PIECE\lib\pceapi.lib:pceLCDLine.o  2   REL
00112808    --------    00000000    C:\usr\PIECE\lib\pceapi.lib:pceLCDPaint.o  2   REL
00112808    --------    00000000    C:\usr\PIECE\lib\pceapi.lib:pceLCDDrawObject.o  2   REL
00112808    --------    00000000    C:\usr\PIECE\lib\pceapi.lib:memcpy.o  2   REL
00112808    --------    00000000    C:\usr\PIECE\lib\pceapi.lib:pceLCDSetObject.o  2   REL
00112808    --------    00000000    C:\usr\PIECE\lib\pceapi.lib:pceTimeGet.o  2   REL
00112808    --------    00000000    C:\usr\PIECE\lib\pceapi.lib:pceFontSetType.o  2   REL
00112808    --------    00000000    C:\usr\PIECE\lib\pceapi.lib:pcesprintf.o  2   REL
00112808    --------    00000000    C:\usr\PIECE\lib\pceapi.lib:pcePadGet.o  2   REL
00112808    --------    00000000    C:\usr\PIECE\lib\pceapi.lib:pceLCDTrans.o  2   REL
00112808    --------    00000000    C:\usr\PIECE\lib\pceapi.lib:pcePowerSetReport.o  2   REL
00112808    --------    00000000    C:\usr\PIECE\lib\pceapi.lib:pceLCDDispStart.o  2   REL
00112808    --------    00000000    C:\usr\PIECE\lib\pceapi.lib:memset.o  2   REL
00112808    --------    00000000    C:\usr\PIECE\lib\pceapi.lib:pceAppSetProcPeriod.o  2   REL
00112808    --------    00000000    C:\usr\PIECE\lib\pceapi.lib:pceLCDSetBuffer.o  2   REL
00112808    --------    00000000    C:\usr\PIECE\lib\pceapi.lib:pceLCDDispStop.o  2   REL
00112808    --------    00000000    C:\usr\PIECE\lib\pceapi.lib:defnotify.o  2   REL
00112808    --------    00002c00    C:\usr\PIECE\lib\pceapi.lib:def_vbuff.o  2   REL
00115408    --------    00000000    C:\usr\PIECE\lib\pceapi.lib:version_check.o  2   REL
00115408    --------    00000000    C:\usr\PIECE\lib\pceapi.lib:pceAppReqExit.o  2   REL
00115408    --------    00000000    C:\usr\PIECE\lib\pceapi.lib:pceSystemGetInfo.o  2   REL
00115408    --------    00000000    C:\usr\PIECE\lib\lib.lib:rand.o  2   REL
00115408    --------    00000004    C:\usr\PIECE\lib\lib.lib:seed.o  2   REL
0011540c    --------    00000000    C:\usr\PIECE\lib\lib.lib:srand.o  2   REL
0011540c    --------    00000000    C:\usr\PIECE\lib\string.lib:strcat.o  2   REL
0011540c    --------    00000000    C:\usr\PIECE\lib\fp.lib:fixdfui.o  2   REL
0011540c    --------    00000000    C:\usr\PIECE\lib\fp.lib:divdf3.o  2   REL
0011540c    --------    00000000    C:\usr\PIECE\lib\fp.lib:scan64.o  2   REL
0011540c    --------    00000000    C:\usr\PIECE\lib\fp.lib:muldf3.o  2   REL
0011540c    --------    00000000    C:\usr\PIECE\lib\fp.lib:adddf3.o  2   REL
0011540c    --------    00000000    C:\usr\PIECE\lib\fp.lib:flosidf.o  2   REL
0011540c    --------    00000000    C:\usr\PIECE\lib\idiv.lib:divsi3.o  2   REL
0011540c    --------    00000000    C:\usr\PIECE\lib\idiv.lib:modsi3.o  2   REL
